C51 COMPILER V9.01   MAIN                                                                  12/13/2015 16:08:49 PAGE 1   


C51 COMPILER V9.01, COMPILATION OF MODULE MAIN
OBJECT MODULE PLACED IN Main.OBJ
COMPILER INVOKED BY: C:\Keil4\C51\BIN\C51.EXE Main.c BROWSE DEBUG OBJECTEXTEND

line level    source

   1          /*------------------------------------------------------------------------------------
   2           * 项目名称:
   3          
   4               RGB LED 测试程序
   5          
   6           * 功能描述:
   7          
   8                   红绿蓝三种颜色循环显示
   9          
  10           * 版权信息:
  11          
  12               (c) 飞翼电子, 2014.
  13          
  14           * 历史版本:
  15               2014-03-7:
  16                 - 初始版本 V1.0.0;
  17          
  18           * 配置说明:
  19                   - MCU    ：STC15W204E
  20                   - CPU频率：33MHz
  21          -------------------------------------------------------------------------------------*/
  22          
  23          #define Port P3
  24          
  25          /************************包含头文件***************************************************/
  26          
  27          #include "STC15W.h"
  28          #include "ws2812.h"
  29          #include "delay.h"
  30          #include "keypad.h"
  31          
  32          /************************主程序*******************************************************/
  33          
  34          void  main()
  35          {
  36   1              unsigned char i;
  37   1              unsigned char oneTimeFlag=0;    //控制某些语句只在第一循环时被执行
  38   1              unsigned char s[8][3]={{50,5,5},{50,5,5},{50,5,5},{50,5,5},{50,5,5},{50,5,5},
  39   1              {50,5,5},{50,5,5}};     //定义一个二维，每个括号内的三个数据对应一个像素点
  40   1      
  41   1              DelayMs(200);                                   //上电等待延时
  42   1      
  43   1              Port=0xff;                                              //初始化端口为高电平
  44   1      
  45   1              while(1)
  46   1              {
  47   2                      SendOneFrame(s);                        //显示数组中的数据
*** WARNING C182 IN LINE 47 OF MAIN.C: pointer to different objects
  48   2      
  49   2                      for(i=0;i<8;i++)                        //修改数组中的数据
  50   2                      {                                                       //修改每个像素点的RGB值
  51   3                              s[i][0]=50;
  52   3                              s[i][2]=5;
  53   3                      }
  54   2                      
C51 COMPILER V9.01   MAIN                                                                  12/13/2015 16:08:49 PAGE 2   

  55   2                      Delay100Ms(10);         
  56   2                      SendOneFrame(s);                        //显示数组中的数据
*** WARNING C182 IN LINE 56 OF MAIN.C: pointer to different objects
  57   2      
  58   2                      for(i=0;i<8;i++)                        //修改数组的数据
  59   2                      {
  60   3                              s[i][1]=50;
  61   3                              s[i][0]=5;
  62   3                      }
  63   2                      
  64   2                      Delay100Ms(10);
  65   2                      SendOneFrame(s);                        //显示数组中的数据
*** WARNING C182 IN LINE 65 OF MAIN.C: pointer to different objects
  66   2      
  67   2                      for(i=0;i<8;i++)                        //修改数组的数据
  68   2                      {
  69   3                              s[i][2]=50;
  70   3                              s[i][1]=5;
  71   3                      }
  72   2                      
  73   2                      Delay100Ms(10);
  74   2              }
  75   1      }
  76          
  77          
  78          
  79          
  80          /************************结束*******************************************************/


MODULE INFORMATION:   STATIC OVERLAYABLE
   CODE SIZE        =    150    ----
   CONSTANT SIZE    =     24    ----
   XDATA SIZE       =   ----    ----
   PDATA SIZE       =   ----    ----
   DATA SIZE        =   ----      25
   IDATA SIZE       =   ----    ----
   BIT SIZE         =   ----    ----
END OF MODULE INFORMATION.


C51 COMPILATION COMPLETE.  3 WARNING(S),  0 ERROR(S)
