C51 COMPILER V9.01   MAIN                                                                  12/13/2015 15:32:50 PAGE 1   


C51 COMPILER V9.01, COMPILATION OF MODULE MAIN
OBJECT MODULE PLACED IN Main.OBJ
COMPILER INVOKED BY: C:\Keil4\C51\BIN\C51.EXE Main.c BROWSE DEBUG OBJECTEXTEND

line level    source

   1          /*------------------------------------------------------------------------------------
   2           * 项目名称:
   3          
   4               RGB LED 测试程序
   5          
   6           * 功能描述:
   7          
   8                   单个红色LED旋转效果
   9          
  10           * 版权信息:
  11          
  12               (c) 飞翼电子, 2014.
  13          
  14           * 历史版本:
  15               2014-03-7:
  16                 - 初始版本 V1.0.0;
  17          
  18           * 配置说明:
  19                   - MCU    ：STC15W204S
  20                   - CPU频率：33MHz
  21          -------------------------------------------------------------------------------------*/
  22          
  23          #define Port P3
  24          #define GREEN 0
  25          #define RED 1
  26          #define BLUE 2
  27          
  28          /************************包含头文件***************************************************/
  29          
  30          #include "STC15W.h"
  31          #include "ws2812.h"
  32          #include "delay.h"
  33          #include "keypad.h"
  34          
  35          /************************主程序*******************************************************/
  36          
  37          void  main()
  38          {
  39   1              unsigned char i;
  40   1              unsigned char s[8][3]={{50,5,5},{50,5,5},{50,5,5},{50,5,5},{50,5,5},{50,5,5},
  41   1              {50,5,5},{50,5,5}};     //定义一个二维，每个括号内的三个数据对应一个像素点{G,R,B}
  42   1      
  43   1              DelayMs(200);                                   //上电等待延时
  44   1      
  45   1              Port=0xff;                                              //初始化端口为高电平
  46   1      
  47   1              while(1)
  48   1              {
  49   2                      for(i=0;i<8;i++)                
  50   2                      {
  51   3                              s[i][0]=5;                      //修改数组中的数据
  52   3                              s[i][1]=50;
  53   3                              s[i][2]=5;
  54   3      
  55   3      
C51 COMPILER V9.01   MAIN                                                                  12/13/2015 15:32:50 PAGE 2   

  56   3                              SendOneFrame(s);        //显示数组中的数据
*** WARNING C182 IN LINE 56 OF MAIN.C: pointer to different objects
  57   3                              Delay100Ms(1);
  58   3      
  59   3                              s[i][0]=50;
  60   3                              s[i][1]=5;
  61   3                              s[i][2]=5;
  62   3      
  63   3                      }
  64   2              }
  65   1      }
  66          
  67          
  68          
  69          
  70          /************************结束*******************************************************/


MODULE INFORMATION:   STATIC OVERLAYABLE
   CODE SIZE        =    121    ----
   CONSTANT SIZE    =     24    ----
   XDATA SIZE       =   ----    ----
   PDATA SIZE       =   ----    ----
   DATA SIZE        =   ----      25
   IDATA SIZE       =   ----    ----
   BIT SIZE         =   ----    ----
END OF MODULE INFORMATION.


C51 COMPILATION COMPLETE.  1 WARNING(S),  0 ERROR(S)
