C51 COMPILER V9.01   WS2812                                                                12/13/2015 15:32:50 PAGE 1   


C51 COMPILER V9.01, COMPILATION OF MODULE WS2812
OBJECT MODULE PLACED IN ws2812.OBJ
COMPILER INVOKED BY: C:\Keil4\C51\BIN\C51.EXE ws2812.c BROWSE DEBUG OBJECTEXTEND

line level    source

   1          /*----------------------------------------------------------------------------   
   2           * 项目名称:
   3          
   4               RGB LED驱动程序
   5          
   6           * 功能描述:
   7          
   8               1、将整个数组的数据发送得到LED进行显示
   9                   2、从指定像素开始将整个数组的数据发送到LED显示
  10                   3、发送复位信号
  11          
  12           * 版权信息:
  13          
  14               (c) 飞翼电子, 2014.
  15          
  16           * 历史版本:
  17               2014-03-15:
  18                 - 初始版本 V1.0.0;
  19          
  20           * 配置说明:
  21               MCU:             STC15W204S
  22               晶振:                内部晶振：33MHz
  23               扩展模块:            -
  24               软件:            Keil.C51.V9.01
  25          
  26           * 备注:
  27          
  28          ------------------------------------------------------------------------------*/   
  29          
  30          #include "STC15W.h"
  31          #include <intrins.h>
  32          #include "ws2812.h"
  33          
  34          //-------------------------------------------------------------------------------
  35          //子程序名称:IO_Init(void)
  36          //功能：端口初始化
  37          //-------------------------------------------------------------------------------
  38          void IO_Init(void)
  39          {
  40   1              ;
  41   1      }
  42          
  43          //-------------------------------------------------------------------------------
  44          //子程序名称:ResetDateFlow(void)
  45          //功能：复位，为下一次发送做准备，
  46          //说明：将DI置位为0后，延时约65us
  47          //-------------------------------------------------------------------------------
  48          void ResetDataFlow(void)
  49          {
  50   1              unsigned char i,j;
  51   1              DI=0;                                   //DI置为0后，延时50us以上，实现帧复位
  52   1              for(i=0;i<15;i++)               //此处33Mhz时延时65us
  53   1              {
  54   2                      for(j=0;j<20;j++)
  55   2                      {
C51 COMPILER V9.01   WS2812                                                                12/13/2015 15:32:50 PAGE 2   

  56   3                              ;
  57   3                      }
  58   2              }
  59   1      }
  60          //-------------------------------------------------------------------------------
  61          //子程序名称:SendOnePix(unsigned char *ptr)
  62          //功能：发送一个像素点的24bit数据
  63          //参数：接收的参数是一个指针，此函数会将此指针指向的地址的连续的三个Byte的数据发送
  64          //说明：在主函数中直接调用此函数时，在整个帧发送开始前需要先执行 ResetDataFlow()
  65          //              数据是按归零码的方式发送，速率为800KBPS
  66          //-------------------------------------------------------------------------------
  67          void SendOnePix(unsigned char *ptr)
  68          {
  69   1              unsigned char i,j;
  70   1              unsigned char temp;
  71   1      
  72   1              for(j=0;j<3;j++)
  73   1              {
  74   2                      temp=ptr[j];
  75   2                      for(i=0;i<8;i++)
  76   2                      {
  77   3                              if(temp&0x80)            //从高位开始发送
  78   3                              {
  79   4                                      DI=1;                    //发送“1”码
  80   4                                      _nop_();                 //不可省略的nop(),延时指定时间作用，晶振频率33MHz
  81   4                                      _nop_();
  82   4                                      _nop_();
  83   4                                      _nop_();
  84   4                                      _nop_();
  85   4                                      _nop_();
  86   4                                      _nop_();
  87   4                                      _nop_();
  88   4                                      _nop_();
  89   4                                      _nop_();
  90   4                                      _nop_();
  91   4                                      _nop_();
  92   4                                      _nop_();
  93   4                                      _nop_();
  94   4                                      _nop_();
  95   4                                      _nop_();
  96   4                                      _nop_();
  97   4                                      _nop_();
  98   4                                      _nop_();
  99   4                                      _nop_();
 100   4      
 101   4                                      DI=0;
 102   4                                      _nop_();
 103   4                                      _nop_();
 104   4                                      _nop_();
 105   4                                      _nop_();
 106   4                                      _nop_();
 107   4                                      _nop_();
 108   4                                      _nop_();
 109   4                                      _nop_();
 110   4                                      _nop_();
 111   4                                      _nop_();
 112   4                                      _nop_();
 113   4                                      _nop_();
 114   4                                      _nop_();
 115   4                                      _nop_();
 116   4                                      _nop_();
 117   4                              }
C51 COMPILER V9.01   WS2812                                                                12/13/2015 15:32:50 PAGE 3   

 118   3                              else                            //发送“0”码
 119   3                              {
 120   4                                      DI=1;
 121   4                                      _nop_();
 122   4                                      _nop_();
 123   4                                      _nop_();
 124   4                                      _nop_();
 125   4                                      _nop_();
 126   4                                      _nop_();
 127   4                                      _nop_();
 128   4      
 129   4                                      DI=0;
 130   4                                      _nop_();
 131   4                                      _nop_();
 132   4                                      _nop_();
 133   4                                      _nop_();
 134   4                                      _nop_();
 135   4                                      _nop_();
 136   4                                      _nop_();
 137   4                                      _nop_();
 138   4                                      _nop_();
 139   4                                      _nop_();
 140   4                                      _nop_();
 141   4                                      _nop_();
 142   4                                      _nop_();
 143   4                                      _nop_();
 144   4                                      _nop_();
 145   4                                      _nop_();
 146   4                                      _nop_();
 147   4                                      _nop_();
 148   4                                      _nop_();
 149   4                              }
 150   3                              temp=(temp<<1);          //左移位
 151   3                      }
 152   2              }
 153   1      }
 154          //-------------------------------------------------------------------------------
 155          //子程序名称:SendOneFrame(unsigned char *ptr)
 156          //功能：发送一帧数据（即发送整个数组的数据）
 157          //参数：接收的参数是一个指针，此函数会将此指针指向的地址的整个数组的数据发送
 158          //-------------------------------------------------------------------------------
 159          void SendOneFrame(unsigned char *ptr)
 160          {
 161   1              unsigned char k;
 162   1      
 163   1              ResetDataFlow();                                 //发送帧复位信号
 164   1      
 165   1              for(k=0;k<SNUM;k++)                              //发送一帧数据，SNUM是板子LED的个数
 166   1              {
 167   2                      SendOnePix(&ptr[(3*k)]);
 168   2              }
 169   1      
 170   1              ResetDataFlow();                                 //发送帧复位信号
 171   1      }
 172          
 173          //-------------------------------------------------------------------------------
 174          //子程序名称:SendSameColor(unsigned char *ptr,unsigned char cnt)
 175          //功能：相同颜色的点发送cnt次
 176          //参数：接收的参数是一个指针，指向像素点颜色数组，cnt传递发送个数
 177          //-------------------------------------------------------------------------------
 178          void SendSameColor(unsigned char *ptr,unsigned char cnt)
 179          {
C51 COMPILER V9.01   WS2812                                                                12/13/2015 15:32:50 PAGE 4   

 180   1              unsigned char k;
 181   1      
 182   1              ResetDataFlow();                                 //发送帧复位信号
 183   1      
 184   1              for(k=0;k<cnt;k++)                               //发送一帧数据，SNUM是板子LED的个数
 185   1              {
 186   2                      SendOnePix(&ptr[0]);
 187   2              }
 188   1      
 189   1              ResetDataFlow();                                 //发送帧复位信号
 190   1      }
 191          //-------------------------------------------------------------------------------
 192          //子程序名称:SendOneFrameFrom(unsigned char i,unsigned char *ptr)
 193          //功能：从指定的像素点开始发送一帧数据（即发送整个数组的数据）
 194          //参数：接收的参数是一个指针，此函数会将此指针指向的地址的整帧数据发送
 195          //              i:把数组的第0个像素数据发送到第i个像素点（第0个像素是板上标号为01的像素）
 196          //说明：即原本对应第一个像素的数据会发送到第i个像素点（LED）上
 197          //-------------------------------------------------------------------------------
 198          void SendOneFrameFrom(unsigned char i,unsigned char *ptr)
 199          {
 200   1              unsigned char k;
 201   1      
 202   1              ResetDataFlow();                                 //发送帧复位信号
 203   1      
 204   1              for(k=(SNUM-i);k<SNUM;k++)               //发送一帧数据
 205   1              {
 206   2                      SendOnePix(&ptr[(3*k)]);
 207   2              }
 208   1              for(k=0;k<(SNUM-i);k++)
 209   1              {
 210   2                      SendOnePix(&ptr[(3*k)]);
 211   2              }
 212   1      
 213   1              ResetDataFlow();                                 //发送帧复位信号
 214   1      }
 215          
 216          //-------------------------------------------------------------------------------
 217          //子程序名称:SendOneFrameSince(unsigned char i,unsigned char *ptr)
 218          //功能：从第i个像素点的数据开始发送一帧数据（即发送整个数组的数据）
 219          //参数：接收的参数是一个指针，此函数会将此指针指向的地址的整帧数据发送
 220          //              i:把数组的第i个像素数据发送到第1个像素点
 221          //说明：即原本对应第i像素的数据会发送到第1个像素点（LED）上，第i+1个像素点的数据
 222          //              发送到第2个像素上
 223          //-------------------------------------------------------------------------------
 224          void SendOneFrameSince(unsigned char i,unsigned char *ptr)
 225          {
 226   1              unsigned char k;
 227   1      
 228   1              ResetDataFlow();                                 //发送帧复位信号
 229   1      
 230   1              for(k=i;k<SNUM;k++)                              //发送一帧数据
 231   1              {
 232   2                      SendOnePix(&ptr[(3*k)]);
 233   2              }
 234   1              for(k=0;k<i;k++)
 235   1              {
 236   2                      SendOnePix(&ptr[(3*k)]);
 237   2              }
 238   1              ResetDataFlow();                                 //发送帧复位信号
 239   1      }
 240          /**********************************THE END**********************************/ 
 241          
C51 COMPILER V9.01   WS2812                                                                12/13/2015 15:32:50 PAGE 5   

 242           
 243          


MODULE INFORMATION:   STATIC OVERLAYABLE
   CODE SIZE        =    344    ----
   CONSTANT SIZE    =   ----    ----
   XDATA SIZE       =   ----    ----
   PDATA SIZE       =   ----    ----
   DATA SIZE        =   ----      21
   IDATA SIZE       =   ----    ----
   BIT SIZE         =   ----    ----
END OF MODULE INFORMATION.


C51 COMPILATION COMPLETE.  0 WARNING(S),  0 ERROR(S)
