C51 COMPILER V9.01   MAIN                                                                  12/13/2015 16:04:48 PAGE 1   


C51 COMPILER V9.01, COMPILATION OF MODULE MAIN
OBJECT MODULE PLACED IN Main.OBJ
COMPILER INVOKED BY: C:\Keil4\C51\BIN\C51.EXE Main.c BROWSE DEBUG OBJECTEXTEND

line level    source

   1          /*------------------------------------------------------------------------------------
   2           * 项目名称:
   3          
   4               RGB LED 测试程序
   5          
   6           * 功能描述:
   7          
   8                   七彩切换效果
   9          
  10           * 版权信息:
  11          
  12               (c) 飞翼电子, 2014.
  13          
  14           * 历史版本:
  15               2014-03-7:
  16                 - 初始版本 V1.0.0;
  17          
  18           * 配置说明:
  19                   - MCU    ：STC15W204S
  20                   - CPU频率：33MHz
  21          -------------------------------------------------------------------------------------*/
  22          
  23          #define Port P3
  24          #define GREEN 0
  25          #define RED 1
  26          #define BLUE 2
  27          
  28          /************************包含头文件***************************************************/
  29          
  30          #include "STC15W.h"
  31          #include "ws2812.h"
  32          #include "delay.h"
  33          #include "keypad.h"
  34          
  35          /************************主程序*******************************************************/
  36          
  37          void  main()
  38          {
  39   1              unsigned char i;
  40   1              unsigned char j=0;
  41   1              unsigned char s[8][3]={{50,5,5},{50,5,5},{50,5,5},{50,5,5},{50,5,5},{50,5,5},
  42   1              {50,5,5},{50,5,5}};     //定义一个二维，每个括号内的三个数据对应一个像素点{G,R,B}
  43   1      
  44   1              DelayMs(200);                                   //上电等待延时
  45   1      
  46   1              Port=0xff;                                              //初始化端口为高电平
  47   1      
  48   1              while(1)
  49   1              {
  50   2                      for(i=0;i<8;i++)        //修改数组中的数据,显示红色
  51   2                      {
  52   3                              s[i][RED]=85;
  53   3                              s[i][GREEN]=1;
  54   3                              s[i][BLUE]=1;
  55   3                      }
C51 COMPILER V9.01   MAIN                                                                  12/13/2015 16:04:48 PAGE 2   

  56   2                      SendOneFrame(s);        //显示数组中的数据
*** WARNING C182 IN LINE 56 OF MAIN.C: pointer to different objects
  57   2                      Delay100Ms(10); 
  58   2                              
  59   2                      for(i=0;i<8;i++)        //修改数组中的数据，显示橙色
  60   2                      {
  61   3                              s[i][RED]=75;
  62   3                              s[i][GREEN]=23;
  63   3                              s[i][BLUE]=0;
  64   3                      }
  65   2                      SendOneFrame(s);        //显示数组中的数据
*** WARNING C182 IN LINE 65 OF MAIN.C: pointer to different objects
  66   2                      Delay100Ms(10); 
  67   2                      
  68   2                      for(i=0;i<8;i++)        //修改数组中的数据,显示黄色
  69   2                      {
  70   3                              s[i][RED]=74;
  71   3                              s[i][GREEN]=75;
  72   3                              s[i][BLUE]=1;
  73   3                      }
  74   2                      SendOneFrame(s);        //显示数组中的数据
*** WARNING C182 IN LINE 74 OF MAIN.C: pointer to different objects
  75   2                      Delay100Ms(10); 
  76   2      
  77   2                      for(i=0;i<8;i++)        //修改数组中的数据，显示绿色
  78   2                      {
  79   3                              s[i][RED]=0;
  80   3                              s[i][GREEN]=75;
  81   3                              s[i][BLUE]=9;
  82   3                      }
  83   2                      SendOneFrame(s);        //显示数组中的数据
*** WARNING C182 IN LINE 83 OF MAIN.C: pointer to different objects
  84   2                      Delay100Ms(10); 
  85   2      
  86   2                      for(i=0;i<8;i++)        //修改数组中的数据，显示浅蓝
  87   2                      {
  88   3                              s[i][RED]=0;
  89   3                              s[i][GREEN]=75;
  90   3                              s[i][BLUE]=72;
  91   3                      }
  92   2                      SendOneFrame(s);        //显示数组中的数据
*** WARNING C182 IN LINE 92 OF MAIN.C: pointer to different objects
  93   2                      Delay100Ms(10); 
  94   2      
  95   2                      for(i=0;i<8;i++)        //修改数组中的数据,显示蓝色
  96   2                      {
  97   3                              s[i][RED]=4;
  98   3                              s[i][GREEN]=1;
  99   3                              s[i][BLUE]=82;
 100   3                      }
 101   2                      SendOneFrame(s);        //显示数组中的数据
*** WARNING C182 IN LINE 101 OF MAIN.C: pointer to different objects
 102   2                      Delay100Ms(10); 
 103   2      
 104   2                      for(i=0;i<8;i++)        //修改数组中的数据，显示紫色
 105   2                      {
 106   3                              s[i][RED]=75;
 107   3                              s[i][GREEN]=1;
 108   3                              s[i][BLUE]=67;
 109   3                      }
 110   2                      SendOneFrame(s);        //显示数组中的数据
*** WARNING C182 IN LINE 110 OF MAIN.C: pointer to different objects
C51 COMPILER V9.01   MAIN                                                                  12/13/2015 16:04:48 PAGE 3   

 111   2                      Delay100Ms(10); 
 112   2              }
 113   1      }
 114          
 115          
 116          
 117          
 118          /************************结束*******************************************************/


MODULE INFORMATION:   STATIC OVERLAYABLE
   CODE SIZE        =    381    ----
   CONSTANT SIZE    =     24    ----
   XDATA SIZE       =   ----    ----
   PDATA SIZE       =   ----    ----
   DATA SIZE        =   ----      25
   IDATA SIZE       =   ----    ----
   BIT SIZE         =   ----    ----
END OF MODULE INFORMATION.


C51 COMPILATION COMPLETE.  7 WARNING(S),  0 ERROR(S)
