C51 COMPILER V9.01   DELAY                                                                 12/13/2015 16:02:28 PAGE 1   


C51 COMPILER V9.01, COMPILATION OF MODULE DELAY
OBJECT MODULE PLACED IN Delay.OBJ
COMPILER INVOKED BY: C:\Keil4\C51\BIN\C51.EXE Delay.c BROWSE DEBUG OBJECTEXTEND

line level    source

   1          /*--------------------------------------------------------------------------------   
   2           * 项目名称:
   3          
   4               RGB流水灯板延时子函数
   5          
   6           * 功能描述:
   7          
   8               1、毫秒级延时
   9                   2、100毫秒级延时
  10          
  11           * 版权信息:
  12          
  13               (c) 飞翼电子, 2014.
  14          
  15           * 历史版本:
  16               2014-03-15:
  17                 - 初始版本 V1.0.0;
  18          
  19           * 配置说明:
  20               MCU:             STC15F104E
  21               晶振:                内部晶振：33MHz
  22               扩展模块:            -
  23               软件:            Keil.C51.V9.01
  24          
  25           * 备注:
  26          
  27          --------------------------------------------------------------------------------*/   
  28          
  29          #include "Delay.h"
  30          
  31          //-------------------------------------------------------------------------------
  32          //子程序名称:void DelayMs(unsigned char m)
  33          //功能：延时子函数.
  34          //-------------------------------------------------------------------------------
  35          void DelayMs(unsigned char m)
  36          {
  37   1              unsigned char i,j,k;
  38   1              for(k=0;k<m;k++)
  39   1              {
  40   2                      for(i=0;i<60;i++)
  41   2                      {
  42   3                              for(j=0;j<78;j++)
  43   3                              {
  44   4                                      ;
  45   4                              }
  46   3                      }
  47   2              }
  48   1      }
  49          //-------------------------------------------------------------------------------
  50          //子程序名称:void DelayMs(unsigned char m)
  51          //功能：延时100ms子函数（晶振频率33MHz时）
  52          //-------------------------------------------------------------------------------
  53          void Delay100Ms(unsigned char m)
  54          {
  55   1              unsigned char i,j,k,l;
C51 COMPILER V9.01   DELAY                                                                 12/13/2015 16:02:28 PAGE 2   

  56   1              for(l=0;l<m;l++)
  57   1              {
  58   2                      for(k=0;k<98;k++)
  59   2                      {
  60   3                              for(i=0;i<60;i++)
  61   3                              {
  62   4                                      for(j=0;j<78;j++)
  63   4                                      {
  64   5                                              ;
  65   5                                      }
  66   4                              }
  67   3                      }
  68   2              }
  69   1      }


MODULE INFORMATION:   STATIC OVERLAYABLE
   CODE SIZE        =     52    ----
   CONSTANT SIZE    =   ----    ----
   XDATA SIZE       =   ----    ----
   PDATA SIZE       =   ----    ----
   DATA SIZE        =   ----    ----
   IDATA SIZE       =   ----    ----
   BIT SIZE         =   ----    ----
END OF MODULE INFORMATION.


C51 COMPILATION COMPLETE.  0 WARNING(S),  0 ERROR(S)
