C51 COMPILER V9.01   MAIN                                                                  12/13/2015 16:02:26 PAGE 1   


C51 COMPILER V9.01, COMPILATION OF MODULE MAIN
OBJECT MODULE PLACED IN Main.OBJ
COMPILER INVOKED BY: C:\Keil4\C51\BIN\C51.EXE Main.c BROWSE DEBUG OBJECTEXTEND

line level    source

   1          /*------------------------------------------------------------------------------------
   2           * 项目名称:
   3          
   4               RGB LED 测试程序
   5          
   6           * 功能描述:
   7          
   8                   七彩渐变效果
   9          
  10           * 版权信息:
  11          
  12               (c) 飞翼电子, 2014.
  13          
  14           * 历史版本:
  15               2014-03-7:
  16                 - 初始版本 V1.0.0;
  17          
  18           * 配置说明:
  19                   - MCU    ：STC15W204S
  20                   - CPU频率：33MHz
  21          -------------------------------------------------------------------------------------*/
  22          
  23          #define Port P3
  24          #define GREEN 0
  25          #define RED 1
  26          #define BLUE 2
  27          
  28          /************************包含头文件***************************************************/
  29          
  30          #include "STC15W.h"
  31          #include "ws2812.h"
  32          #include "delay.h"
  33          #include "keypad.h"
  34          
  35          /************************主程序*******************************************************/
  36          
  37          void  main()
  38          {
  39   1              unsigned char i;
  40   1              unsigned char j=0;
  41   1              unsigned char s[8][3]={{50,5,5},{50,5,5},{50,5,5},{50,5,5},{50,5,5},{50,5,5},
  42   1              {50,5,5},{50,5,5}};     //定义一个二维，每个括号内的三个数据对应一个像素点{G,R,B}
  43   1      
  44   1              DelayMs(200);                                   //上电等待延时
  45   1      
  46   1              Port=0xff;                                              //初始化端口为高电平
  47   1      
  48   1              while(1)
  49   1              {
  50   2                      for(i=0;i<8;i++)        //修改数组中的数据,显示红色
  51   2                      {
  52   3                              s[i][RED]=85;
  53   3                              s[i][GREEN]=1;
  54   3                              s[i][BLUE]=1;
  55   3                      }
C51 COMPILER V9.01   MAIN                                                                  12/13/2015 16:02:26 PAGE 2   

  56   2                      SendOneFrame(s);        //显示数组中的数据
*** WARNING C182 IN LINE 56 OF MAIN.C: pointer to different objects
  57   2                      DelayMs(80);
  58   2      
  59   2                      for(i=0;i<10;i++)       //修改数组中的数据,红到橙色渐变
  60   2                      {
  61   3                              for(j=0;j<8;j++)
  62   3                              {
  63   4                                      s[j][RED]=(s[j][RED]-1);
  64   4                                      s[j][GREEN]=(s[j][GREEN]+2);
  65   4                              }
  66   3                              SendOneFrame(s);        //显示数组中的数据
*** WARNING C182 IN LINE 66 OF MAIN.C: pointer to different objects
  67   3                              DelayMs(80);
  68   3                      }
  69   2      
  70   2                      for(i=0;i<8;i++)        //修改数组中的数据，显示橙色
  71   2                      {
  72   3                              s[i][RED]=75;
  73   3                              s[i][GREEN]=23;
  74   3                              s[i][BLUE]=0;
  75   3                      }
  76   2                      SendOneFrame(s);        //显示数组中的数据
*** WARNING C182 IN LINE 76 OF MAIN.C: pointer to different objects
  77   2                      DelayMs(80);
  78   2      
  79   2                      for(i=0;i<10;i++)       //修改数组中的数据,橙色到黄色渐变
  80   2                      {
  81   3                              for(j=0;j<8;j++)
  82   3                              {
  83   4                                      s[j][GREEN]+=5;
  84   4                              }
  85   3                              SendOneFrame(s);        //显示数组中的数据
*** WARNING C182 IN LINE 85 OF MAIN.C: pointer to different objects
  86   3                              DelayMs(80);
  87   3                      }
  88   2      
  89   2                      for(i=0;i<8;i++)        //修改数组中的数据,显示黄色
  90   2                      {
  91   3                              s[i][RED]=74;
  92   3                              s[i][GREEN]=75;
  93   3                              s[i][BLUE]=1;
  94   3                      }
  95   2                      SendOneFrame(s);        //显示数组中的数据
*** WARNING C182 IN LINE 95 OF MAIN.C: pointer to different objects
  96   2                      DelayMs(80);    
  97   2      
  98   2                      for(i=0;i<10;i++)       //修改数组中的数据,黄色到绿色渐变
  99   2                      {
 100   3                              for(j=0;j<8;j++)
 101   3                              {
 102   4                                      s[j][RED]-=7;
 103   4                                      s[j][BLUE]+=1;
 104   4                              }
 105   3                              SendOneFrame(s);        //显示数组中的数据
*** WARNING C182 IN LINE 105 OF MAIN.C: pointer to different objects
 106   3                              DelayMs(80);
 107   3                      }
 108   2      
 109   2                      for(i=0;i<8;i++)        //修改数组中的数据，显示绿色
 110   2                      {
 111   3                              s[i][RED]=0;
C51 COMPILER V9.01   MAIN                                                                  12/13/2015 16:02:26 PAGE 3   

 112   3                              s[i][GREEN]=75;
 113   3                              s[i][BLUE]=9;
 114   3                      }
 115   2                      SendOneFrame(s);        //显示数组中的数据
*** WARNING C182 IN LINE 115 OF MAIN.C: pointer to different objects
 116   2                      DelayMs(80);    
 117   2      
 118   2                      for(i=0;i<10;i++)       //修改数组中的数据,绿色浅蓝色渐变
 119   2                      {
 120   3                              for(j=0;j<8;j++)
 121   3                              {
 122   4                                      s[j][BLUE]+=6;
 123   4                              }
 124   3                              SendOneFrame(s);        //显示数组中的数据
*** WARNING C182 IN LINE 124 OF MAIN.C: pointer to different objects
 125   3                              DelayMs(80);
 126   3                      }
 127   2      
 128   2                      for(i=0;i<8;i++)        //修改数组中的数据，显示浅蓝
 129   2                      {
 130   3                              s[i][RED]=0;
 131   3                              s[i][GREEN]=75;
 132   3                              s[i][BLUE]=72;
 133   3                      }
 134   2                      SendOneFrame(s);        //显示数组中的数据
*** WARNING C182 IN LINE 134 OF MAIN.C: pointer to different objects
 135   2                      DelayMs(80);    
 136   2      
 137   2                      for(i=0;i<10;i++)       //修改数组中的数据,浅蓝色到蓝色渐变
 138   2                      {
 139   3                              for(j=0;j<8;j++)
 140   3                              {
 141   4                                      s[j][GREEN]-=7;
 142   4                                      s[j][BLUE]+=1;
 143   4                              }
 144   3                              SendOneFrame(s);        //显示数组中的数据
*** WARNING C182 IN LINE 144 OF MAIN.C: pointer to different objects
 145   3                              DelayMs(80);
 146   3                      }
 147   2      
 148   2                      for(i=0;i<8;i++)        //修改数组中的数据,显示蓝色
 149   2                      {
 150   3                              s[i][RED]=4;
 151   3                              s[i][GREEN]=1;
 152   3                              s[i][BLUE]=82;
 153   3                      }
 154   2                      SendOneFrame(s);        //显示数组中的数据
*** WARNING C182 IN LINE 154 OF MAIN.C: pointer to different objects
 155   2                      DelayMs(80);    
 156   2      
 157   2                      for(i=0;i<10;i++)       //修改数组中的数据,蓝色紫色渐变
 158   2                      {
 159   3                              for(j=0;j<8;j++)
 160   3                              {
 161   4                                      s[j][RED]+=7;
 162   4                                      s[j][BLUE]-=1;
 163   4                              }
 164   3                              SendOneFrame(s);        //显示数组中的数据
*** WARNING C182 IN LINE 164 OF MAIN.C: pointer to different objects
 165   3                              DelayMs(80);
 166   3                      }
 167   2      
C51 COMPILER V9.01   MAIN                                                                  12/13/2015 16:02:26 PAGE 4   

 168   2                      for(i=0;i<8;i++)        //修改数组中的数据，显示紫色
 169   2                      {
 170   3                              s[i][RED]=75;
 171   3                              s[i][GREEN]=1;
 172   3                              s[i][BLUE]=67;
 173   3                      }
 174   2                      SendOneFrame(s);        //显示数组中的数据
*** WARNING C182 IN LINE 174 OF MAIN.C: pointer to different objects
 175   2      
 176   2                      DelayMs(80);    
 177   2      
 178   2                      for(i=0;i<10;i++)       //修改数组中的数据,紫色到红色渐变
 179   2                      {
 180   3                              for(j=0;j<8;j++)
 181   3                              {
 182   4                                      s[j][RED]+=1;
 183   4                                      s[j][BLUE]-=6;
 184   4                              }
 185   3                              SendOneFrame(s);        //显示数组中的数据
*** WARNING C182 IN LINE 185 OF MAIN.C: pointer to different objects
 186   3                              DelayMs(80);
 187   3                      }
 188   2              }
 189   1      }
 190          
 191          
 192          
 193          
 194          /************************结束*******************************************************/


MODULE INFORMATION:   STATIC OVERLAYABLE
   CODE SIZE        =    823    ----
   CONSTANT SIZE    =     24    ----
   XDATA SIZE       =   ----    ----
   PDATA SIZE       =   ----    ----
   DATA SIZE        =   ----      26
   IDATA SIZE       =   ----    ----
   BIT SIZE         =   ----    ----
END OF MODULE INFORMATION.


C51 COMPILATION COMPLETE.  14 WARNING(S),  0 ERROR(S)
