C51 COMPILER V9.01   MAIN                                                                  12/13/2015 16:07:01 PAGE 1   


C51 COMPILER V9.01, COMPILATION OF MODULE MAIN
OBJECT MODULE PLACED IN Main.OBJ
COMPILER INVOKED BY: C:\Keil4\C51\BIN\C51.EXE Main.c BROWSE DEBUG OBJECTEXTEND

line level    source

   1          /*------------------------------------------------------------------------------------
   2           * 项目名称:
   3          
   4               RGB LED 光环测试程序
   5          
   6           * 功能描述:
   7          
   8                   RGB三色循环覆盖
   9          
  10           * 版权信息:
  11          
  12               (c) 飞翼电子, 2014.
  13          
  14           * 历史版本:
  15               2014-03-7:
  16                 - 初始版本 V1.0.0;
  17          
  18           * 配置说明:
  19                   - MCU    ：STC15W204S
  20                   - CPU频率：33MHz
  21          -------------------------------------------------------------------------------------*/
  22          
  23          #define Port P3
  24          
  25          /************************包含头文件***************************************************/
  26          
  27          #include "STC15W.h"
  28          #include "ws2812.h"              //包含LED驱动程序
  29          #include "delay.h"               //包含延时程序
  30          #include "keypad.h"              //包含按键驱动程序
  31          
  32          /************************主程序*******************************************************/
  33          
  34          void  main()
  35          {
  36   1              unsigned char i;
  37   1              unsigned char s[27][3]={{50,5,5},{50,5,5},{50,5,5},{50,5,5},{50,5,5},{50,5,5},
  38   1              {50,5,5},{50,5,5}};     //定义一个二维，每个括号内的三个数据对应一个像素点
  39   1      
  40   1              DelayMs(200);                                   //上电等待延时
  41   1      
  42   1              Port=0xff;                                              //初始化端口为高电平
  43   1      
  44   1              while(1)
  45   1              {
  46   2                      for(i=0;i<8;i++)
  47   2                      {
  48   3                              s[i][0]=5;                      //修改数组中的数据
  49   3                              s[i][1]=50;
  50   3                              s[i][2]=5;
  51   3      
  52   3                              SendOneFrame(s);                //显示数组中的数据
*** WARNING C182 IN LINE 52 OF MAIN.C: pointer to different objects
  53   3                              Delay100Ms(1);
  54   3                      }
C51 COMPILER V9.01   MAIN                                                                  12/13/2015 16:07:01 PAGE 2   

  55   2      
  56   2                      for(i=0;i<8;i++)
  57   2                      {
  58   3                              s[i][0]=5;
  59   3                              s[i][1]=5;
  60   3                              s[i][2]=50;
  61   3      
  62   3                              SendOneFrame(s);
*** WARNING C182 IN LINE 62 OF MAIN.C: pointer to different objects
  63   3                              Delay100Ms(1);
  64   3                      }
  65   2                      for(i=0;i<8;i++)
  66   2                      {
  67   3                              s[i][0]=50;
  68   3                              s[i][1]=5;
  69   3                              s[i][2]=5;
  70   3      
  71   3                              SendOneFrame(s);
*** WARNING C182 IN LINE 71 OF MAIN.C: pointer to different objects
  72   3                              Delay100Ms(1);
  73   3                      }
  74   2              }
  75   1      }
  76          
  77          
  78          
  79          
  80          /************************结束*******************************************************/


MODULE INFORMATION:   STATIC OVERLAYABLE
   CODE SIZE        =    206    ----
   CONSTANT SIZE    =     81    ----
   XDATA SIZE       =   ----    ----
   PDATA SIZE       =   ----    ----
   DATA SIZE        =   ----      82
   IDATA SIZE       =   ----    ----
   BIT SIZE         =   ----    ----
END OF MODULE INFORMATION.


C51 COMPILATION COMPLETE.  3 WARNING(S),  0 ERROR(S)
