C51 COMPILER V9.01   KEYPAD                                                                01/27/2016 10:48:01 PAGE 1   


C51 COMPILER V9.01, COMPILATION OF MODULE KEYPAD
OBJECT MODULE PLACED IN Keypad.OBJ
COMPILER INVOKED BY: C:\Keil\C51\BIN\C51.EXE Keypad.c BROWSE DEBUG OBJECTEXTEND

line level    source

   1          /*--------------------------------------------------------------------------------   
   2           * 项目名称:
   3          
   4               RGB流水灯板键盘驱动程序
   5          
   6           * 功能描述:
   7          
   8               1、获得被按下按键的键值
   9          
  10           * 版权信息:
  11          
  12               (c) 飞翼电子, 2014.
  13          
  14           * 历史版本:
  15               2014-03-15:
  16                 - 初始版本 V1.0.0;
  17          
  18           * 配置说明:
  19               MCU:             STC15W204E
  20               晶振:                内部晶振：33MHz
  21               扩展模块:            -
  22               软件:            Keil.C51.V9.01
  23          
  24           * 备注:
  25          
  26          --------------------------------------------------------------------------------*/   
  27          
  28          #include "STC15W.h"
  29          #include "Keypad.h"
  30          #include "Delay.h"
  31          
  32          //-------------------------------------------------------------------------------
  33          //子程序名称:IO_Init(void)
  34          //功能：端口初始化，使能中断
  35          //-------------------------------------------------------------------------------
  36          void Keypad_IO_Init(void)
  37          {
  38   1              Button_1=1;
  39   1              Button_2=1;
  40   1      
  41   1              //使能INT0中断
  42   1              INT0 = 1;
  43   1          IT0 = 1;                    //设置INT0的中断类型 (1:仅下降沿 0:上升沿和下降沿)
  44   1          EX0 = 1;                    //使能INT0中断
  45   1              
  46   1              //使能INT1中断
  47   1              INT1 = 1;
  48   1          IT1 = 1;                    //设置INT1的中断类型 (1:仅下降沿 0:上升沿和下降沿)
  49   1          EX1 = 1;                    //使能INT1中断
  50   1      }
  51          
  52          //-------------------------------------------------------------------------------
  53          //子程序名称:unsigned char GetKey(void)
  54          //功能：获得被按下的键的键值
  55          //说明：按键1被按下时，返回1，按键2被按下时返回2，没有按键按下时返回0
C51 COMPILER V9.01   KEYPAD                                                                01/27/2016 10:48:01 PAGE 2   

  56          //-------------------------------------------------------------------------------
  57          unsigned char GetKey(void)
  58          {
  59   1              unsigned char i;
  60   1              Button_1=1;
  61   1              Button_2=1;
  62   1      
  63   1              if(Button_1==0)                         //如果按键1被按下
  64   1              {
  65   2                      DelayMs(10);                    //延时10毫秒后判断
  66   2                      if(Button_1==0)                                  
  67   2                      {
  68   3                              for(i=0;i<100;i++)
  69   3                              {
  70   4                                      if(Button_1==1) //在超时时间内按键被松开，则认为按键1触发有效
  71   4                                      {
  72   5                                              return 1;       //返回结果1，代表按键1被按下
  73   5                                      }
  74   4                                      DelayMs(10);    //超时时间为1秒，如果超过1秒按键没抬起，则认为按下无效
  75   4                              }
  76   3                      }
  77   2              }
  78   1              if(Button_2==0)                         //如果按键1没有被按下，开始判断按键2
  79   1              {
  80   2                      DelayMs(10);
  81   2                      if(Button_2==0)
  82   2                      {
  83   3                              for(i=0;i<100;i++)
  84   3                              {
  85   4                                      if(Button_2==1) //在超时时间内按键被松开，则认为按键1触发有效
  86   4                                      {
  87   5                                              return 2;       //返回结果1，代表按键1被按下
  88   5                                      }
  89   4                                      DelayMs(10);    //超时时间为1秒
  90   4                              }
  91   3                      }
  92   2              }
  93   1              return 0;
  94   1      }


MODULE INFORMATION:   STATIC OVERLAYABLE
   CODE SIZE        =     92    ----
   CONSTANT SIZE    =   ----    ----
   XDATA SIZE       =   ----    ----
   PDATA SIZE       =   ----    ----
   DATA SIZE        =   ----       1
   IDATA SIZE       =   ----    ----
   BIT SIZE         =   ----    ----
END OF MODULE INFORMATION.


C51 COMPILATION COMPLETE.  0 WARNING(S),  0 ERROR(S)
