C51 COMPILER V9.01   MAIN                                                                  05/15/2013 21:58:02 PAGE 1   


C51 COMPILER V9.01, COMPILATION OF MODULE MAIN
OBJECT MODULE PLACED IN main.OBJ
COMPILER INVOKED BY: C:\Keil4\C51\BIN\C51.EXE main.c BROWSE DEBUG OBJECTEXTEND

line level    source

   1          /*--------------------------------------------------------------------------------
   2           * 项目名称:
   3          
   4               S51初级版中断按键测试程序 V1.0.0
   5          
   6           * 功能描述:
   7          
   8               通过外部中断0和外部中断1按键控制流水灯闪烁
   9          
  10           * 版权信息:
  11          
  12               (c) 飞翼电子, 2012.
  13          
  14           * 历史版本:
  15               2012-06-30:
  16                 - 初始版本 V1.0.0;
  17          
  18           * 配置说明:
  19               MCU:             AT89S51
  20               开发板:              AT89S51初级板 V1.0
  21                                http://www.mikroe.com/en/tools/bigavr6/
  22               晶振:                外部晶振：11.0592MHz
  23               扩展模块:            -
  24               软件:            Keil.C51.V9.01
  25          
  26           * 备注:
  27               - 确认开发板P6跳线上连接了短路子
  28          -------------------------------------------------------------------------------------*/
  29          /************************包含头文件***************************************************/
  30          
  31          #include<reg52.h>
  32          
  33          /************************函数声明****************************************************/
  34          
  35          void DelayFun(unsigned char m);                                 //延时函数声明
  36          
  37          /************************定义全局变量*************************************************/
  38          
  39          unsigned char* p=0;                                                             //定义全局指针变量
  40          unsigned char arr[4]={0xfe,0xfd,0xfb,0xf7};             //定义全局数组，控制指示灯的显示
  41          
  42          /************************主函数******************************************************/
  43          void  main()
  44          {
  45   1              unsigned char cycleControl=0;                           //控制流水灯的循环                                              
  46   1              unsigned char state=0;                                          //设置流水灯的状态：0——循环，1——暂停
  47   1      
  48   1              p=&state;                                                                       //全局指针指向state变量
  49   1      
  50   1              EA=1;                                                                           //使能全局中断
  51   1              IT0=0;                                                                          //设置外部中断0为边沿触发方式
  52   1              EX0=1;                                                                          //使能外部中断0
  53   1              IT1=0;                                                                          //设置设置外部中断1为边沿触发方式
  54   1              EX1=1;                                                                          //使能外部中断1
  55   1      
C51 COMPILER V9.01   MAIN                                                                  05/15/2013 21:58:02 PAGE 2   

  56   1      
  57   1              while(1)
  58   1              {
  59   2                      switch (state)
  60   2                      {
  61   3                              case 0:                                                         /*循环模式*/
  62   3                              {
  63   4                                      if(cycleControl==4)
  64   4                                      {
  65   5                                              cycleControl=0;
  66   5                                      }
  67   4                                      P0=arr[cycleControl];           //查询数组，设置P0端口的输出
  68   4                                      cycleControl++;
  69   4                                      DelayFun(1);    //延时，设置闪烁频率
  70   4                                      break;
  71   4                              }                                                                       /*暂停*/
  72   3                              default:
  73   3                              {
  74   4                                      ;                               //在触发时刻流水灯暂停
  75   4                              }
  76   3                      }
  77   2              }
  78   1      }
  79          
  80          
  81          /**************************中断服务程序******************************************/
  82          void ExINT0() interrupt 0         //外部中断1，触发时，流水灯继续
  83          {
  84   1              EX1=0;
  85   1              *p=0;
  86   1              EX1=1;
  87   1      }
  88          
  89          void ExINT1() interrupt 2         //外部中断1，触发时，流水灯暂停
  90          {
  91   1              EX0=0;
  92   1              *p=1;
  93   1              EX0=1;
  94   1      }
  95          /**************************延时子函数********************************************/
  96          
  97          void DelayFun(unsigned char m)
  98          {                               
  99   1              unsigned char i=0,j=0,k=0;
 100   1      
 101   1              for(k=0;k<m;k++)
 102   1                      for(i=0;i<255;i++)
 103   1                              for(j=0;j<255;j++)
 104   1                              {
 105   2                                      ;
 106   2                              }
 107   1      }
 108          
 109          /*********************************The End****************************************/


MODULE INFORMATION:   STATIC OVERLAYABLE
   CODE SIZE        =    168    ----
   CONSTANT SIZE    =   ----    ----
   XDATA SIZE       =   ----    ----
   PDATA SIZE       =   ----    ----
   DATA SIZE        =      7       2
C51 COMPILER V9.01   MAIN                                                                  05/15/2013 21:58:02 PAGE 3   

   IDATA SIZE       =   ----    ----
   BIT SIZE         =   ----    ----
END OF MODULE INFORMATION.


C51 COMPILATION COMPLETE.  0 WARNING(S),  0 ERROR(S)
